// Jest Snapshot v1, https://goo.gl/fbAQLP

exports[`Testing Header view Header render correctly 1`] = `
ShallowWrapper {
  Symbol(enzyme.__root__): [Circular],
  Symbol(enzyme.__unrendered__): <Header />,
  Symbol(enzyme.__renderer__): Object {
    "batchedUpdates": [Function],
    "checkPropTypes": [Function],
    "getNode": [Function],
    "render": [Function],
    "simulateError": [Function],
    "simulateEvent": [Function],
    "unmount": [Function],
  },
  Symbol(enzyme.__node__): Object {
    "instance": null,
    "key": undefined,
    "nodeType": "function",
    "props": Object {
      "children": Array [
        <ForwardRef(styled.h3)>
          <ForwardRef
            to="/got-db"
          >
            Game of Trones DB
          </ForwardRef>
        </ForwardRef(styled.h3)>,
        <ForwardRef(styled.ul)>
          <li>
            <ForwardRef
              to="/got-db/characters"
            >
              Characters
            </ForwardRef>
          </li>
          <li>
            <ForwardRef
              to="/got-db/houses"
            >
              Houses
            </ForwardRef>
          </li>
          <li>
            <ForwardRef
              to="/got-db/books"
            >
              Books
            </ForwardRef>
          </li>
        </ForwardRef(styled.ul)>,
      ],
    },
    "ref": null,
    "rendered": Array [
      Object {
        "instance": null,
        "key": undefined,
        "nodeType": "function",
        "props": Object {
          "children": <ForwardRef
            to="/got-db"
          >
            Game of Trones DB
          </ForwardRef>,
        },
        "ref": null,
        "rendered": Object {
          "instance": null,
          "key": undefined,
          "nodeType": "function",
          "props": Object {
            "children": "Game of Trones DB",
            "to": "/got-db",
          },
          "ref": null,
          "rendered": "Game of Trones DB",
          "type": Object {
            "$$typeof": Symbol(react.forward_ref),
            "displayName": "Link",
            "propTypes": Object {
              "innerRef": [Function],
              "onClick": [Function],
              "replace": [Function],
              "target": [Function],
              "to": [Function],
            },
            "render": [Function],
          },
        },
        "type": Object {
          "$$typeof": Symbol(react.forward_ref),
          "attrs": Array [],
          "componentStyle": ComponentStyle {
            "componentId": "sc-bwzfXH",
            "isStatic": false,
            "rules": Array [
              "
    font-size: 24px;
    color: #fff;
    margin: 0;
",
            ],
          },
          "displayName": "styled.h3",
          "foldedComponentIds": Array [],
          "render": [Function],
          "styledComponentId": "sc-bwzfXH",
          "target": "h3",
          "toString": [Function],
          "warnTooManyClasses": [Function],
          "withComponent": [Function],
        },
      },
      Object {
        "instance": null,
        "key": undefined,
        "nodeType": "function",
        "props": Object {
          "children": Array [
            <li>
              <ForwardRef
                to="/got-db/characters"
              >
                Characters
              </ForwardRef>
            </li>,
            <li>
              <ForwardRef
                to="/got-db/houses"
              >
                Houses
              </ForwardRef>
            </li>,
            <li>
              <ForwardRef
                to="/got-db/books"
              >
                Books
              </ForwardRef>
            </li>,
          ],
        },
        "ref": null,
        "rendered": Array [
          Object {
            "instance": null,
            "key": undefined,
            "nodeType": "host",
            "props": Object {
              "children": <ForwardRef
                to="/got-db/characters"
              >
                Characters
              </ForwardRef>,
            },
            "ref": null,
            "rendered": Object {
              "instance": null,
              "key": undefined,
              "nodeType": "function",
              "props": Object {
                "children": "Characters",
                "to": "/got-db/characters",
              },
              "ref": null,
              "rendered": "Characters",
              "type": Object {
                "$$typeof": Symbol(react.forward_ref),
                "displayName": "Link",
                "propTypes": Object {
                  "innerRef": [Function],
                  "onClick": [Function],
                  "replace": [Function],
                  "target": [Function],
                  "to": [Function],
                },
                "render": [Function],
              },
            },
            "type": "li",
          },
          Object {
            "instance": null,
            "key": undefined,
            "nodeType": "host",
            "props": Object {
              "children": <ForwardRef
                to="/got-db/houses"
              >
                Houses
              </ForwardRef>,
            },
            "ref": null,
            "rendered": Object {
              "instance": null,
              "key": undefined,
              "nodeType": "function",
              "props": Object {
                "children": "Houses",
                "to": "/got-db/houses",
              },
              "ref": null,
              "rendered": "Houses",
              "type": Object {
                "$$typeof": Symbol(react.forward_ref),
                "displayName": "Link",
                "propTypes": Object {
                  "innerRef": [Function],
                  "onClick": [Function],
                  "replace": [Function],
                  "target": [Function],
                  "to": [Function],
                },
                "render": [Function],
              },
            },
            "type": "li",
          },
          Object {
            "instance": null,
            "key": undefined,
            "nodeType": "host",
            "props": Object {
              "children": <ForwardRef
                to="/got-db/books"
              >
                Books
              </ForwardRef>,
            },
            "ref": null,
            "rendered": Object {
              "instance": null,
              "key": undefined,
              "nodeType": "function",
              "props": Object {
                "children": "Books",
                "to": "/got-db/books",
              },
              "ref": null,
              "rendered": "Books",
              "type": Object {
                "$$typeof": Symbol(react.forward_ref),
                "displayName": "Link",
                "propTypes": Object {
                  "innerRef": [Function],
                  "onClick": [Function],
                  "replace": [Function],
                  "target": [Function],
                  "to": [Function],
                },
                "render": [Function],
              },
            },
            "type": "li",
          },
        ],
        "type": Object {
          "$$typeof": Symbol(react.forward_ref),
          "attrs": Array [],
          "componentStyle": ComponentStyle {
            "componentId": "sc-htpNat",
            "isStatic": false,
            "rules": Array [
              "
    display: flex;
    margin: 0;
    align-items: center;
    color: #fff;
    list-style-type: none;
    li {
        margin-right: 20px;
        font-size: 18px;
    }
",
            ],
          },
          "displayName": "styled.ul",
          "foldedComponentIds": Array [],
          "render": [Function],
          "styledComponentId": "sc-htpNat",
          "target": "ul",
          "toString": [Function],
          "warnTooManyClasses": [Function],
          "withComponent": [Function],
        },
      },
    ],
    "type": Object {
      "$$typeof": Symbol(react.forward_ref),
      "attrs": Array [],
      "componentStyle": ComponentStyle {
        "componentId": "sc-bdVaJa",
        "isStatic": false,
        "rules": Array [
          "
    display: flex;
    justify-content: space-between;
    align-items: center;
    height: 80px;
",
        ],
      },
      "displayName": "styled.div",
      "foldedComponentIds": Array [],
      "render": [Function],
      "styledComponentId": "sc-bdVaJa",
      "target": "div",
      "toString": [Function],
      "warnTooManyClasses": [Function],
      "withComponent": [Function],
    },
  },
  Symbol(enzyme.__nodes__): Array [
    Object {
      "instance": null,
      "key": undefined,
      "nodeType": "function",
      "props": Object {
        "children": Array [
          <ForwardRef(styled.h3)>
            <ForwardRef
              to="/got-db"
            >
              Game of Trones DB
            </ForwardRef>
          </ForwardRef(styled.h3)>,
          <ForwardRef(styled.ul)>
            <li>
              <ForwardRef
                to="/got-db/characters"
              >
                Characters
              </ForwardRef>
            </li>
            <li>
              <ForwardRef
                to="/got-db/houses"
              >
                Houses
              </ForwardRef>
            </li>
            <li>
              <ForwardRef
                to="/got-db/books"
              >
                Books
              </ForwardRef>
            </li>
          </ForwardRef(styled.ul)>,
        ],
      },
      "ref": null,
      "rendered": Array [
        Object {
          "instance": null,
          "key": undefined,
          "nodeType": "function",
          "props": Object {
            "children": <ForwardRef
              to="/got-db"
            >
              Game of Trones DB
            </ForwardRef>,
          },
          "ref": null,
          "rendered": Object {
            "instance": null,
            "key": undefined,
            "nodeType": "function",
            "props": Object {
              "children": "Game of Trones DB",
              "to": "/got-db",
            },
            "ref": null,
            "rendered": "Game of Trones DB",
            "type": Object {
              "$$typeof": Symbol(react.forward_ref),
              "displayName": "Link",
              "propTypes": Object {
                "innerRef": [Function],
                "onClick": [Function],
                "replace": [Function],
                "target": [Function],
                "to": [Function],
              },
              "render": [Function],
            },
          },
          "type": Object {
            "$$typeof": Symbol(react.forward_ref),
            "attrs": Array [],
            "componentStyle": ComponentStyle {
              "componentId": "sc-bwzfXH",
              "isStatic": false,
              "rules": Array [
                "
    font-size: 24px;
    color: #fff;
    margin: 0;
",
              ],
            },
            "displayName": "styled.h3",
            "foldedComponentIds": Array [],
            "render": [Function],
            "styledComponentId": "sc-bwzfXH",
            "target": "h3",
            "toString": [Function],
            "warnTooManyClasses": [Function],
            "withComponent": [Function],
          },
        },
        Object {
          "instance": null,
          "key": undefined,
          "nodeType": "function",
          "props": Object {
            "children": Array [
              <li>
                <ForwardRef
                  to="/got-db/characters"
                >
                  Characters
                </ForwardRef>
              </li>,
              <li>
                <ForwardRef
                  to="/got-db/houses"
                >
                  Houses
                </ForwardRef>
              </li>,
              <li>
                <ForwardRef
                  to="/got-db/books"
                >
                  Books
                </ForwardRef>
              </li>,
            ],
          },
          "ref": null,
          "rendered": Array [
            Object {
              "instance": null,
              "key": undefined,
              "nodeType": "host",
              "props": Object {
                "children": <ForwardRef
                  to="/got-db/characters"
                >
                  Characters
                </ForwardRef>,
              },
              "ref": null,
              "rendered": Object {
                "instance": null,
                "key": undefined,
                "nodeType": "function",
                "props": Object {
                  "children": "Characters",
                  "to": "/got-db/characters",
                },
                "ref": null,
                "rendered": "Characters",
                "type": Object {
                  "$$typeof": Symbol(react.forward_ref),
                  "displayName": "Link",
                  "propTypes": Object {
                    "innerRef": [Function],
                    "onClick": [Function],
                    "replace": [Function],
                    "target": [Function],
                    "to": [Function],
                  },
                  "render": [Function],
                },
              },
              "type": "li",
            },
            Object {
              "instance": null,
              "key": undefined,
              "nodeType": "host",
              "props": Object {
                "children": <ForwardRef
                  to="/got-db/houses"
                >
                  Houses
                </ForwardRef>,
              },
              "ref": null,
              "rendered": Object {
                "instance": null,
                "key": undefined,
                "nodeType": "function",
                "props": Object {
                  "children": "Houses",
                  "to": "/got-db/houses",
                },
                "ref": null,
                "rendered": "Houses",
                "type": Object {
                  "$$typeof": Symbol(react.forward_ref),
                  "displayName": "Link",
                  "propTypes": Object {
                    "innerRef": [Function],
                    "onClick": [Function],
                    "replace": [Function],
                    "target": [Function],
                    "to": [Function],
                  },
                  "render": [Function],
                },
              },
              "type": "li",
            },
            Object {
              "instance": null,
              "key": undefined,
              "nodeType": "host",
              "props": Object {
                "children": <ForwardRef
                  to="/got-db/books"
                >
                  Books
                </ForwardRef>,
              },
              "ref": null,
              "rendered": Object {
                "instance": null,
                "key": undefined,
                "nodeType": "function",
                "props": Object {
                  "children": "Books",
                  "to": "/got-db/books",
                },
                "ref": null,
                "rendered": "Books",
                "type": Object {
                  "$$typeof": Symbol(react.forward_ref),
                  "displayName": "Link",
                  "propTypes": Object {
                    "innerRef": [Function],
                    "onClick": [Function],
                    "replace": [Function],
                    "target": [Function],
                    "to": [Function],
                  },
                  "render": [Function],
                },
              },
              "type": "li",
            },
          ],
          "type": Object {
            "$$typeof": Symbol(react.forward_ref),
            "attrs": Array [],
            "componentStyle": ComponentStyle {
              "componentId": "sc-htpNat",
              "isStatic": false,
              "rules": Array [
                "
    display: flex;
    margin: 0;
    align-items: center;
    color: #fff;
    list-style-type: none;
    li {
        margin-right: 20px;
        font-size: 18px;
    }
",
              ],
            },
            "displayName": "styled.ul",
            "foldedComponentIds": Array [],
            "render": [Function],
            "styledComponentId": "sc-htpNat",
            "target": "ul",
            "toString": [Function],
            "warnTooManyClasses": [Function],
            "withComponent": [Function],
          },
        },
      ],
      "type": Object {
        "$$typeof": Symbol(react.forward_ref),
        "attrs": Array [],
        "componentStyle": ComponentStyle {
          "componentId": "sc-bdVaJa",
          "isStatic": false,
          "rules": Array [
            "
    display: flex;
    justify-content: space-between;
    align-items: center;
    height: 80px;
",
          ],
        },
        "displayName": "styled.div",
        "foldedComponentIds": Array [],
        "render": [Function],
        "styledComponentId": "sc-bdVaJa",
        "target": "div",
        "toString": [Function],
        "warnTooManyClasses": [Function],
        "withComponent": [Function],
      },
    },
  ],
  Symbol(enzyme.__options__): Object {
    "adapter": ReactSixteenAdapter {
      "options": Object {
        "enableComponentDidUpdateOnSetState": true,
        "legacyContextMode": "parent",
        "lifecycles": Object {
          "componentDidUpdate": Object {
            "onSetState": true,
          },
          "getChildContext": Object {
            "calledByRenderer": false,
          },
          "getDerivedStateFromError": true,
          "getDerivedStateFromProps": Object {
            "hasShouldComponentUpdateBug": false,
          },
          "getSnapshotBeforeUpdate": true,
          "setState": Object {
            "skipsComponentDidUpdateOnNullish": true,
          },
        },
      },
    },
    Symbol(enzyme.__providerValues__): undefined,
  },
  Symbol(enzyme.__providerValues__): Map {},
}
`;
